src/modules/inventory/inventory.service.ts(266,9): error TS2353: Object literal may only specify known properties, and 'inventoryItem' does not exist in type 'InventoryMovementInclude<DefaultArgs>'.
